// Jest Snapshot v1, https://goo.gl/fbAQLP

exports[`Category render 1`] = `
[
  <div
    class="card"
    role="article"
  >
    <div
      class="card-image"
    >
      <img
        alt="Beef"
        src="https://www.themealdb.com/images/category/beef.png"
      />
    </div>
    <div
      class="card-content"
    >
      <span
        class="card-title"
      >
        Beef
      </span>
      <p>
        Beef is the culinary name for meat from cattle, particularly
        ...
      </p>
    </div>
    <div
      class="card-action"
    >
      <a
        class="btn"
        href="/category/Beef"
      >
        Watch category
      </a>
    </div>
  </div>,
  <div
    class="card"
    role="article"
  >
    <div
      class="card-image"
    >
      <img
        alt="Chicken"
        src="https://www.themealdb.com/images/category/chicken.png"
      />
    </div>
    <div
      class="card-content"
    >
      <span
        class="card-title"
      >
        Chicken
      </span>
      <p>
        Chicken is a type of domesticated fowl, a subspecies of the 
        ...
      </p>
    </div>
    <div
      class="card-action"
    >
      <a
        class="btn"
        href="/category/Chicken"
      >
        Watch category
      </a>
    </div>
  </div>,
]
`;
