// Jest Snapshot v1, https://goo.gl/fbAQLP

exports[`CategoryItem component renders correctly 1`] = `
<div
  class="card"
  role="article"
>
  <div
    class="card-image"
  >
    <img
      alt="Dessert"
      src="/dessert.png"
    />
  </div>
  <div
    class="card-content"
  >
    <span
      class="card-title"
    >
      Dessert
    </span>
    <p>
      A variety of delicious desserts from around the world.
      ...
    </p>
  </div>
  <div
    class="card-action"
  >
    <a
      class="btn"
      href="/category/Dessert"
    >
      Watch category
    </a>
  </div>
</div>
`;
